[    0.000000] Linux version 5.4.0-65-generic (buildd@lcy01-amd64-018) (gcc version 9.3.0 (Ubuntu 9.3.0-17ubuntu1~20.04)) #73-Ubuntu SMP Mon Jan 18 17:25:17 UTC 2021 (Ubuntu 5.4.0-65.73-generic 5.4.78)
[    0.000000] Command line: BOOT_IMAGE=/boot/vmlinuz-5.4.0-65-generic root=UUID=de572620-af62-4bc4-aba2-282c5f5ee946 ro quiet splash iommu=soft nomodeset vt.handoff=7
[    0.000000] KERNEL supported cpus:
[    0.000000]   Intel GenuineIntel
[    0.000000]   AMD AuthenticAMD
[    0.000000]   Hygon HygonGenuine
[    0.000000]   Centaur CentaurHauls
[    0.000000]   zhaoxin   Shanghai  
[    0.000000] x86/fpu: Supporting XSAVE feature 0x001: 'x87 floating point registers'
[    0.000000] x86/fpu: Supporting XSAVE feature 0x002: 'SSE registers'
[    0.000000] x86/fpu: Supporting XSAVE feature 0x004: 'AVX registers'
[    0.000000] x86/fpu: xstate_offset[2]:  576, xstate_sizes[2]:  256
[    0.000000] x86/fpu: Enabled xstate features 0x7, context size is 832 bytes, using 'compacted' format.
[    0.000000] BIOS-provided physical RAM map:
[    0.000000] BIOS-e820: [mem 0x0000000000000000-0x000000000009ffff] usable
[    0.000000] BIOS-e820: [mem 0x00000000000a0000-0x00000000000fffff] reserved
[    0.000000] BIOS-e820: [mem 0x0000000000100000-0x0000000009601fff] usable
[    0.000000] BIOS-e820: [mem 0x0000000009602000-0x00000000097fffff] reserved
[    0.000000] BIOS-e820: [mem 0x0000000009800000-0x000000000a1fffff] usable
[    0.000000] BIOS-e820: [mem 0x000000000a200000-0x000000000a20afff] ACPI NVS
[    0.000000] BIOS-e820: [mem 0x000000000a20b000-0x000000005c9e2fff] usable
[    0.000000] BIOS-e820: [mem 0x000000005c9e3000-0x000000005d4c6fff] reserved
[    0.000000] BIOS-e820: [mem 0x000000005d4c7000-0x000000005d4f3fff] ACPI data
[    0.000000] BIOS-e820: [mem 0x000000005d4f4000-0x000000005d6a2fff] ACPI NVS
[    0.000000] BIOS-e820: [mem 0x000000005d6a3000-0x000000005df1bfff] reserved
[    0.000000] BIOS-e820: [mem 0x000000005df1c000-0x000000005effffff] usable
[    0.000000] BIOS-e820: [mem 0x000000005f000000-0x00000000dfffffff] reserved
[    0.000000] BIOS-e820: [mem 0x00000000f8000000-0x00000000fbffffff] reserved
[    0.000000] BIOS-e820: [mem 0x00000000fd000000-0x00000000fdffffff] reserved
[    0.000000] BIOS-e820: [mem 0x00000000feb80000-0x00000000fec01fff] reserved
[    0.000000] BIOS-e820: [mem 0x00000000fec10000-0x00000000fec10fff] reserved
[    0.000000] BIOS-e820: [mem 0x00000000fed00000-0x00000000fed00fff] reserved
[    0.000000] BIOS-e820: [mem 0x00000000fed40000-0x00000000fed44fff] reserved
[    0.000000] BIOS-e820: [mem 0x00000000fed80000-0x00000000fed8ffff] reserved
[    0.000000] BIOS-e820: [mem 0x00000000fedc2000-0x00000000fedcffff] reserved
[    0.000000] BIOS-e820: [mem 0x00000000fedd4000-0x00000000fedd5fff] reserved
[    0.000000] BIOS-e820: [mem 0x00000000fee00000-0x00000000feefffff] reserved
[    0.000000] BIOS-e820: [mem 0x00000000ff000000-0x00000000ffffffff] reserved
[    0.000000] BIOS-e820: [mem 0x0000000100000000-0x000000021f33ffff] usable
[    0.000000] BIOS-e820: [mem 0x000000021f340000-0x000000021fffffff] reserved
[    0.000000] NX (Execute Disable) protection: active
[    0.000000] e820: update [mem 0x59462018-0x5946f457] usable ==> usable
[    0.000000] e820: update [mem 0x59462018-0x5946f457] usable ==> usable
[    0.000000] extended physical RAM map:
[    0.000000] reserve setup_data: [mem 0x0000000000000000-0x000000000009ffff] usable
[    0.000000] reserve setup_data: [mem 0x00000000000a0000-0x00000000000fffff] reserved
[    0.000000] reserve setup_data: [mem 0x0000000000100000-0x0000000009601fff] usable
[    0.000000] reserve setup_data: [mem 0x0000000009602000-0x00000000097fffff] reserved
[    0.000000] reserve setup_data: [mem 0x0000000009800000-0x000000000a1fffff] usable
[    0.000000] reserve setup_data: [mem 0x000000000a200000-0x000000000a20afff] ACPI NVS
[    0.000000] reserve setup_data: [mem 0x000000000a20b000-0x0000000059462017] usable
[    0.000000] reserve setup_data: [mem 0x0000000059462018-0x000000005946f457] usable
[    0.000000] reserve setup_data: [mem 0x000000005946f458-0x000000005c9e2fff] usable
[    0.000000] reserve setup_data: [mem 0x000000005c9e3000-0x000000005d4c6fff] reserved
[    0.000000] reserve setup_data: [mem 0x000000005d4c7000-0x000000005d4f3fff] ACPI data
[    0.000000] reserve setup_data: [mem 0x000000005d4f4000-0x000000005d6a2fff] ACPI NVS
[    0.000000] reserve setup_data: [mem 0x000000005d6a3000-0x000000005df1bfff] reserved
[    0.000000] reserve setup_data: [mem 0x000000005df1c000-0x000000005effffff] usable
[    0.000000] reserve setup_data: [mem 0x000000005f000000-0x00000000dfffffff] reserved
[    0.000000] reserve setup_data: [mem 0x00000000f8000000-0x00000000fbffffff] reserved
[    0.000000] reserve setup_data: [mem 0x00000000fd000000-0x00000000fdffffff] reserved
[    0.000000] reserve setup_data: [mem 0x00000000feb80000-0x00000000fec01fff] reserved
[    0.000000] reserve setup_data: [mem 0x00000000fec10000-0x00000000fec10fff] reserved
[    0.000000] reserve setup_data: [mem 0x00000000fed00000-0x00000000fed00fff] reserved
[    0.000000] reserve setup_data: [mem 0x00000000fed40000-0x00000000fed44fff] reserved
[    0.000000] reserve setup_data: [mem 0x00000000fed80000-0x00000000fed8ffff] reserved
[    0.000000] reserve setup_data: [mem 0x00000000fedc2000-0x00000000fedcffff] reserved
[    0.000000] reserve setup_data: [mem 0x00000000fedd4000-0x00000000fedd5fff] reserved
[    0.000000] reserve setup_data: [mem 0x00000000fee00000-0x00000000feefffff] reserved
[    0.000000] reserve setup_data: [mem 0x00000000ff000000-0x00000000ffffffff] reserved
[    0.000000] reserve setup_data: [mem 0x0000000100000000-0x000000021f33ffff] usable
[    0.000000] reserve setup_data: [mem 0x000000021f340000-0x000000021fffffff] reserved
[    0.000000] efi: EFI v2.70 by American Megatrends
[    0.000000] efi:  TPMFinalLog=0x5d65b000  ACPI 2.0=0x5d4d0000  ACPI=0x5d4d0000  SMBIOS=0x5dd2f000  SMBIOS 3.0=0x5dd2e000  ESRT=0x5bc1d218  TPMEventLog=0x59471018 
[    0.000000] secureboot: Secure boot disabled
[    0.000000] SMBIOS 3.2.1 present.
[    0.000000] DMI: ASUSTeK COMPUTER INC. VivoBook_ASUSLaptop X509DA_D509DA/X509DA, BIOS X509DA.306 10/11/2019
[    0.000000] tsc: Fast TSC calibration using PIT
[    0.000000] tsc: Detected 2295.648 MHz processor
[    0.000444] e820: update [mem 0x00000000-0x00000fff] usable ==> reserved
[    0.000445] e820: remove [mem 0x000a0000-0x000fffff] usable
[    0.000450] last_pfn = 0x21f340 max_arch_pfn = 0x400000000
[    0.000454] MTRR default type: uncachable
[    0.000455] MTRR fixed ranges enabled:
[    0.000456]   00000-9FFFF write-back
[    0.000457]   A0000-DFFFF uncachable
[    0.000457]   E0000-FFFFF write-protect
[    0.000458] MTRR variable ranges enabled:
[    0.000459]   0 base 000000000000 mask FFFF80000000 write-back
[    0.000460]   1 base 000080000000 mask FFFFC0000000 write-back
[    0.000460]   2 base 0000C0000000 mask FFFFE0000000 write-back
[    0.000461]   3 disabled
[    0.000461]   4 disabled
[    0.000461]   5 disabled
[    0.000462]   6 disabled
[    0.000462]   7 disabled
[    0.000463] TOM2: 0000000220000000 aka 8704M
[    0.000803] x86/PAT: Configuration [0-7]: WB  WC  UC- UC  WB  WP  UC- WT  
[    0.000884] e820: update [mem 0xe0000000-0xffffffff] usable ==> reserved
[    0.000890] last_pfn = 0x5f000 max_arch_pfn = 0x400000000
[    0.004310] esrt: Reserving ESRT space from 0x000000005bc1d218 to 0x000000005bc1d250.
[    0.004319] e820: update [mem 0x5bc1d000-0x5bc1dfff] usable ==> reserved
[    0.004356] check: Scanning 1 areas for low memory corruption
[    0.004365] Using GB pages for direct mapping
[    0.004768] secureboot: Secure boot disabled
[    0.004769] RAMDISK: [mem 0x3812d000-0x3d48ffff]
[    0.004783] ACPI: Early table checksum verification disabled
[    0.004786] ACPI: RSDP 0x000000005D4D0000 000024 (v02 _ASUS_)
[    0.004789] ACPI: XSDT 0x000000005D4D00A8 0000D4 (v01 _ASUS_ Notebook 01072009 AMI  00010013)
[    0.004793] ACPI: FACP 0x000000005D4DB6D8 000114 (v06 _ASUS_ Notebook 01072009 AMI  00010013)
[    0.004798] ACPI: DSDT 0x000000005D4D0210 00B4C3 (v02 _ASUS_ Notebook 01072009 INTL 20120913)
[    0.004800] ACPI: FACS 0x000000005D65AD80 000040
[    0.004802] ACPI: APIC 0x000000005D4DB7F0 0000DE (v03 _ASUS_ Notebook 01072009 AMI  00010013)
[    0.004804] ACPI: FPDT 0x000000005D4DB8D0 000044 (v01 _ASUS_ Notebook 01072009 AMI  00010013)
[    0.004806] ACPI: FIDT 0x000000005D4DB918 00009C (v01 _ASUS_ Notebook 01072009 AMI  00010013)
[    0.004808] ACPI: ECDT 0x000000005D4DB9B8 0000C1 (v01 _ASUS_ Notebook 01072009 AMI. 00000005)
[    0.004810] ACPI: SSDT 0x000000005D4DBA80 005419 (v02 AMD    AmdTable 00000002 MSFT 02000002)
[    0.004812] ACPI: MCFG 0x000000005D4E0EA0 00003C (v01 _ASUS_ Notebook 01072009 MSFT 00010013)
[    0.004814] ACPI: MSDM 0x000000005D4E0EE0 000055 (v03 _ASUS_ Notebook 01072009 ASUS 00000001)
[    0.004816] ACPI: HPET 0x000000005D4E0F38 000038 (v01 _ASUS_ Notebook 01072009 AMI  00000005)
[    0.004818] ACPI: UEFI 0x000000005D4E0F70 000042 (v01 _ASUS_ Notebook 00000002      01000013)
[    0.004819] ACPI: VFCT 0x000000005D4E0FB8 00D484 (v01 _ASUS_ Notebook 00000001 AMD  31504F47)
[    0.004822] ACPI: BGRT 0x000000005D4EE440 000038 (v01 _ASUS_ Notebook 01072009 AMI  00010013)
[    0.004823] ACPI: TPM2 0x000000005D4EE478 000038 (v04 _ASUS_ Notebook 00000001 AMI  00000000)
[    0.004825] ACPI: IVRS 0x000000005D4EE4B0 00013E (v02 AMD    AMD IVRS 00000001 AMD  00000000)
[    0.004827] ACPI: SSDT 0x000000005D4EE5F0 00119C (v01 AMD    AMD CPU  00000001 AMD  00000001)
[    0.004829] ACPI: CRAT 0x000000005D4EF790 000810 (v01 AMD    AMD CRAT 00000001 AMD  00000001)
[    0.004831] ACPI: CDIT 0x000000005D4EFFA0 000029 (v01 AMD    AMD CDIT 00000001 AMD  00000001)
[    0.004833] ACPI: SSDT 0x000000005D4EFFD0 000C33 (v01 AMD    AmdTable 00000001 INTL 20120913)
[    0.004835] ACPI: SSDT 0x000000005D4F0C08 0010AC (v01 AMD    AmdTable 00000001 INTL 20120913)
[    0.004837] ACPI: SSDT 0x000000005D4F1CB8 001C69 (v01 AMD    AmdTable 00000001 INTL 20120913)
[    0.004839] ACPI: WSMT 0x000000005D4F3928 000028 (v01 _ASUS_ Notebook 01072009 AMI  00010013)
[    0.004841] ACPI: SSDT 0x000000005D4F3950 0002EA (v01 AMD    AmdTable 00000001 INTL 20120913)
[    0.004848] ACPI: Local APIC address 0xfee00000
[    0.004978] No NUMA configuration found
[    0.004979] Faking a node at [mem 0x0000000000000000-0x000000021f33ffff]
[    0.004986] NODE_DATA(0) allocated [mem 0x21f315000-0x21f33ffff]
[    0.005147] Zone ranges:
[    0.005148]   DMA      [mem 0x0000000000001000-0x0000000000ffffff]
[    0.005149]   DMA32    [mem 0x0000000001000000-0x00000000ffffffff]
[    0.005149]   Normal   [mem 0x0000000100000000-0x000000021f33ffff]
[    0.005150]   Device   empty
[    0.005151] Movable zone start for each node
[    0.005153] Early memory node ranges
[    0.005153]   node   0: [mem 0x0000000000001000-0x000000000009ffff]
[    0.005154]   node   0: [mem 0x0000000000100000-0x0000000009601fff]
[    0.005155]   node   0: [mem 0x0000000009800000-0x000000000a1fffff]
[    0.005155]   node   0: [mem 0x000000000a20b000-0x000000005c9e2fff]
[    0.005156]   node   0: [mem 0x000000005df1c000-0x000000005effffff]
[    0.005156]   node   0: [mem 0x0000000100000000-0x000000021f33ffff]
[    0.005233] Zeroed struct page in unavailable ranges: 13411 pages
[    0.005233] Initmem setup node 0 [mem 0x0000000000001000-0x000000021f33ffff]
[    0.005234] On node 0 totalpages: 1559453
[    0.005235]   DMA zone: 64 pages used for memmap
[    0.005236]   DMA zone: 25 pages reserved
[    0.005236]   DMA zone: 3999 pages, LIFO batch:0
[    0.005276]   DMA32 zone: 5923 pages used for memmap
[    0.005276]   DMA32 zone: 379070 pages, LIFO batch:63
[    0.011319]   Normal zone: 18381 pages used for memmap
[    0.011322]   Normal zone: 1176384 pages, LIFO batch:63
[    0.023593] ACPI: PM-Timer IO Port: 0x808
[    0.023596] ACPI: Local APIC address 0xfee00000
[    0.023604] ACPI: LAPIC_NMI (acpi_id[0xff] high edge lint[0x1])
[    0.023617] IOAPIC[0]: apic_id 9, version 33, address 0xfec00000, GSI 0-23
[    0.023624] IOAPIC[1]: apic_id 10, version 33, address 0xfec01000, GSI 24-55
[    0.023626] ACPI: INT_SRC_OVR (bus 0 bus_irq 0 global_irq 2 dfl dfl)
[    0.023627] ACPI: INT_SRC_OVR (bus 0 bus_irq 9 global_irq 9 low level)
[    0.023628] ACPI: IRQ0 used by override.
[    0.023629] ACPI: IRQ9 used by override.
[    0.023630] Using ACPI (MADT) for SMP configuration information
[    0.023632] ACPI: HPET id: 0x10228201 base: 0xfed00000
[    0.023643] e820: update [mem 0x5b6a6000-0x5b6d4fff] usable ==> reserved
[    0.023652] smpboot: Allowing 16 CPUs, 8 hotplug CPUs
[    0.023676] PM: Registered nosave memory: [mem 0x00000000-0x00000fff]
[    0.023677] PM: Registered nosave memory: [mem 0x000a0000-0x000fffff]
[    0.023678] PM: Registered nosave memory: [mem 0x09602000-0x097fffff]
[    0.023680] PM: Registered nosave memory: [mem 0x0a200000-0x0a20afff]
[    0.023681] PM: Registered nosave memory: [mem 0x59462000-0x59462fff]
[    0.023682] PM: Registered nosave memory: [mem 0x5946f000-0x5946ffff]
[    0.023683] PM: Registered nosave memory: [mem 0x5b6a6000-0x5b6d4fff]
[    0.023684] PM: Registered nosave memory: [mem 0x5bc1d000-0x5bc1dfff]
[    0.023685] PM: Registered nosave memory: [mem 0x5c9e3000-0x5d4c6fff]
[    0.023686] PM: Registered nosave memory: [mem 0x5d4c7000-0x5d4f3fff]
[    0.023686] PM: Registered nosave memory: [mem 0x5d4f4000-0x5d6a2fff]
[    0.023687] PM: Registered nosave memory: [mem 0x5d6a3000-0x5df1bfff]
[    0.023688] PM: Registered nosave memory: [mem 0x5f000000-0xdfffffff]
[    0.023688] PM: Registered nosave memory: [mem 0xe0000000-0xf7ffffff]
[    0.023689] PM: Registered nosave memory: [mem 0xf8000000-0xfbffffff]
[    0.023689] PM: Registered nosave memory: [mem 0xfc000000-0xfcffffff]
[    0.023689] PM: Registered nosave memory: [mem 0xfd000000-0xfdffffff]
[    0.023690] PM: Registered nosave memory: [mem 0xfe000000-0xfeb7ffff]
[    0.023690] PM: Registered nosave memory: [mem 0xfeb80000-0xfec01fff]
[    0.023690] PM: Registered nosave memory: [mem 0xfec02000-0xfec0ffff]
[    0.023691] PM: Registered nosave memory: [mem 0xfec10000-0xfec10fff]
[    0.023691] PM: Registered nosave memory: [mem 0xfec11000-0xfecfffff]
[    0.023692] PM: Registered nosave memory: [mem 0xfed00000-0xfed00fff]
[    0.023692] PM: Registered nosave memory: [mem 0xfed01000-0xfed3ffff]
[    0.023692] PM: Registered nosave memory: [mem 0xfed40000-0xfed44fff]
[    0.023693] PM: Registered nosave memory: [mem 0xfed45000-0xfed7ffff]
[    0.023693] PM: Registered nosave memory: [mem 0xfed80000-0xfed8ffff]
[    0.023693] PM: Registered nosave memory: [mem 0xfed90000-0xfedc1fff]
[    0.023694] PM: Registered nosave memory: [mem 0xfedc2000-0xfedcffff]
[    0.023694] PM: Registered nosave memory: [mem 0xfedd0000-0xfedd3fff]
[    0.023695] PM: Registered nosave memory: [mem 0xfedd4000-0xfedd5fff]
[    0.023695] PM: Registered nosave memory: [mem 0xfedd6000-0xfedfffff]
[    0.023695] PM: Registered nosave memory: [mem 0xfee00000-0xfeefffff]
[    0.023696] PM: Registered nosave memory: [mem 0xfef00000-0xfeffffff]
[    0.023696] PM: Registered nosave memory: [mem 0xff000000-0xffffffff]
[    0.023698] [mem 0xe0000000-0xf7ffffff] available for PCI devices
[    0.023699] Booting paravirtualized kernel on bare hardware
[    0.023703] clocksource: refined-jiffies: mask: 0xffffffff max_cycles: 0xffffffff, max_idle_ns: 7645519600211568 ns
[    0.023709] setup_percpu: NR_CPUS:8192 nr_cpumask_bits:16 nr_cpu_ids:16 nr_node_ids:1
[    0.024473] percpu: Embedded 55 pages/cpu s188416 r8192 d28672 u262144
[    0.024481] pcpu-alloc: s188416 r8192 d28672 u262144 alloc=1*2097152
[    0.024482] pcpu-alloc: [0] 00 01 02 03 04 05 06 07 [0] 08 09 10 11 12 13 14 15 
[    0.024510] Built 1 zonelists, mobility grouping on.  Total pages: 1535060
[    0.024511] Policy zone: Normal
[    0.024512] Kernel command line: BOOT_IMAGE=/boot/vmlinuz-5.4.0-65-generic root=UUID=de572620-af62-4bc4-aba2-282c5f5ee946 ro quiet splash iommu=soft nomodeset vt.handoff=7
[    0.024575] You have booted with nomodeset. This means your GPU drivers are DISABLED
[    0.024575] Any video related functionality will be severely degraded, and you may not even be able to suspend the system properly
[    0.024575] Unless you actually understand what nomodeset does, you should reboot without enabling it
[    0.025592] Dentry cache hash table entries: 1048576 (order: 11, 8388608 bytes, linear)
[    0.026056] Inode-cache hash table entries: 524288 (order: 10, 4194304 bytes, linear)
[    0.026096] mem auto-init: stack:off, heap alloc:on, heap free:off
[    0.045278] Memory: 5867004K/6237812K available (14339K kernel code, 2399K rwdata, 4960K rodata, 2724K init, 4980K bss, 370808K reserved, 0K cma-reserved)
[    0.045287] random: get_random_u64 called from kmem_cache_open+0x2d/0x410 with crng_init=0
[    0.045425] SLUB: HWalign=64, Order=0-3, MinObjects=0, CPUs=16, Nodes=1
[    0.045441] ftrace: allocating 44555 entries in 175 pages
[    0.058973] rcu: Hierarchical RCU implementation.
[    0.058975] rcu: 	RCU restricting CPUs from NR_CPUS=8192 to nr_cpu_ids=16.
[    0.058976] 	Tasks RCU enabled.
[    0.058976] rcu: RCU calculated value of scheduler-enlistment delay is 25 jiffies.
[    0.058977] rcu: Adjusting geometry for rcu_fanout_leaf=16, nr_cpu_ids=16
[    0.060839] NR_IRQS: 524544, nr_irqs: 1096, preallocated irqs: 16
[    0.061209] random: crng done (trusting CPU's manufacturer)
[    0.061231] vt handoff: transparent VT on vt#7
[    0.061236] Console: colour dummy device 80x25
[    0.061240] printk: console [tty0] enabled
[    0.061258] ACPI: Core revision 20190816
[    0.061406] clocksource: hpet: mask: 0xffffffff max_cycles: 0xffffffff, max_idle_ns: 133484873504 ns
[    0.061428] APIC: Switch to symmetric I/O mode setup
[    0.061432] Switched APIC routing to physical flat.
[    0.062230] ..TIMER: vector=0x30 apic1=0 pin1=2 apic2=-1 pin2=-1
[    0.081435] clocksource: tsc-early: mask: 0xffffffffffffffff max_cycles: 0x211726228a3, max_idle_ns: 440795287600 ns
[    0.081442] Calibrating delay loop (skipped), value calculated using timer frequency.. 4591.29 BogoMIPS (lpj=9182592)
[    0.081444] pid_max: default: 32768 minimum: 301
[    0.083892] LSM: Security Framework initializing
[    0.083904] Yama: becoming mindful.
[    0.083985] AppArmor: AppArmor initialized
[    0.084040] Mount-cache hash table entries: 16384 (order: 5, 131072 bytes, linear)
[    0.084061] Mountpoint-cache hash table entries: 16384 (order: 5, 131072 bytes, linear)
[    0.084081] *** VALIDATE tmpfs ***
[    0.084255] *** VALIDATE proc ***
[    0.084306] *** VALIDATE cgroup1 ***
[    0.084307] *** VALIDATE cgroup2 ***
[    0.084368] LVT offset 1 assigned for vector 0xf9
[    0.084414] LVT offset 2 assigned for vector 0xf4
[    0.084428] Last level iTLB entries: 4KB 1024, 2MB 1024, 4MB 512
[    0.084429] Last level dTLB entries: 4KB 1536, 2MB 1536, 4MB 768, 1GB 0
[    0.084431] Spectre V1 : Mitigation: usercopy/swapgs barriers and __user pointer sanitization
[    0.084433] Spectre V2 : Mitigation: Full AMD retpoline
[    0.084433] Spectre V2 : Spectre v2 / SpectreRSB mitigation: Filling RSB on context switch
[    0.084434] Spectre V2 : mitigation: Enabling conditional Indirect Branch Prediction Barrier
[    0.084435] Spectre V2 : User space: Vulnerable
[    0.084436] Speculative Store Bypass: Mitigation: Speculative Store Bypass disabled via prctl and seccomp
[    0.084644] Freeing SMP alternatives memory: 40K
[    0.196045] smpboot: CPU0: AMD Ryzen 7 3700U with Radeon Vega Mobile Gfx (family: 0x17, model: 0x18, stepping: 0x1)
[    0.196194] Performance Events: Fam17h+ core perfctr, AMD PMU driver.
[    0.196200] ... version:                0
[    0.196201] ... bit width:              48
[    0.196201] ... generic registers:      6
[    0.196201] ... value mask:             0000ffffffffffff
[    0.196202] ... max period:             00007fffffffffff
[    0.196202] ... fixed-purpose events:   0
[    0.196202] ... event mask:             000000000000003f
[    0.196238] rcu: Hierarchical SRCU implementation.
[    0.196842] NMI watchdog: Enabled. Permanently consumes one hw-PMU counter.
[    0.196983] smp: Bringing up secondary CPUs ...
[    0.197083] x86: Booting SMP configuration:
[    0.197084] .... node  #0, CPUs:        #1  #2  #3  #4  #5  #6  #7
[    0.209492] smp: Brought up 1 node, 8 CPUs
[    0.209492] smpboot: Max logical packages: 2
[    0.209492] smpboot: Total of 8 processors activated (36730.36 BogoMIPS)
[    0.210207] devtmpfs: initialized
[    0.210207] x86/mm: Memory block size: 128MB
[    0.210207] PM: Registering ACPI NVS region [mem 0x0a200000-0x0a20afff] (45056 bytes)
[    0.210207] PM: Registering ACPI NVS region [mem 0x5d4f4000-0x5d6a2fff] (1765376 bytes)
[    0.210207] clocksource: jiffies: mask: 0xffffffff max_cycles: 0xffffffff, max_idle_ns: 7645041785100000 ns
[    0.210207] futex hash table entries: 4096 (order: 6, 262144 bytes, linear)
[    0.210207] pinctrl core: initialized pinctrl subsystem
[    0.210207] PM: RTC time: 20:40:09, date: 2021-02-14
[    0.210207] NET: Registered protocol family 16
[    0.210207] audit: initializing netlink subsys (disabled)
[    0.210207] audit: type=2000 audit(1613335209.148:1): state=initialized audit_enabled=0 res=1
[    0.210207] EISA bus registered
[    0.210207] cpuidle: using governor ladder
[    0.210207] cpuidle: using governor menu
[    0.213480] ACPI FADT declares the system doesn't support PCIe ASPM, so disable it
[    0.213481] ACPI: bus type PCI registered
[    0.213482] acpiphp: ACPI Hot Plug PCI Controller Driver version: 0.5
[    0.213544] PCI: MMCONFIG for domain 0000 [bus 00-3f] at [mem 0xf8000000-0xfbffffff] (base 0xf8000000)
[    0.213546] PCI: MMCONFIG at [mem 0xf8000000-0xfbffffff] reserved in E820
[    0.213553] PCI: Using configuration type 1 for base access
[    0.214722] HugeTLB registered 1.00 GiB page size, pre-allocated 0 pages
[    0.214722] HugeTLB registered 2.00 MiB page size, pre-allocated 0 pages
[    0.214722] ACPI: Added _OSI(Module Device)
[    0.214722] ACPI: Added _OSI(Processor Device)
[    0.214722] ACPI: Added _OSI(3.0 _SCP Extensions)
[    0.214722] ACPI: Added _OSI(Processor Aggregator Device)
[    0.214722] ACPI: Added _OSI(Linux-Dell-Video)
[    0.214722] ACPI: Added _OSI(Linux-Lenovo-NV-HDMI-Audio)
[    0.214722] ACPI: Added _OSI(Linux-HPI-Hybrid-Graphics)
[    0.231525] ACPI: 7 ACPI AML tables successfully acquired and loaded
[    0.232286] ACPI: EC: EC started
[    0.232286] ACPI: EC: interrupt blocked
[    0.232937] ACPI: \: Used as first EC
[    0.232939] ACPI: \: GPE=0x3, IRQ=-1, EC_CMD/EC_SC=0x66, EC_DATA=0x62
[    0.232939] ACPI: EC: Boot ECDT EC used to handle transactions
[    0.233598] ACPI: [Firmware Bug]: BIOS _OSI(Linux) query ignored
[    0.236756] ACPI: Interpreter enabled
[    0.236773] ACPI: (supports S0 S3 S4 S5)
[    0.236775] ACPI: Using IOAPIC for interrupt routing
[    0.236983] PCI: Using host bridge windows from ACPI; if necessary, use "pci=nocrs" and report a bug
[    0.237289] ACPI: Enabled 2 GPEs in block 00 to 1F
[    0.248255] ACPI: PCI Root Bridge [PCI0] (domain 0000 [bus 00-ff])
[    0.248262] acpi PNP0A08:00: _OSC: OS supports [ExtendedConfig ASPM ClockPM Segments MSI HPX-Type3]
[    0.248563] acpi PNP0A08:00: _OSC: platform does not support [SHPCHotplug LTR]
[    0.248850] acpi PNP0A08:00: _OSC: OS now controls [PCIeHotplug PME AER PCIeCapability]
[    0.248851] acpi PNP0A08:00: FADT indicates ASPM is unsupported, using BIOS configuration
[    0.248869] acpi PNP0A08:00: [Firmware Info]: MMCONFIG for domain 0000 [bus 00-3f] only partially covers this bridge
[    0.249395] PCI host bridge to bus 0000:00
[    0.249398] pci_bus 0000:00: root bus resource [io  0x0000-0x03af window]
[    0.249399] pci_bus 0000:00: root bus resource [io  0x03e0-0x0cf7 window]
[    0.249401] pci_bus 0000:00: root bus resource [io  0x03b0-0x03df window]
[    0.249402] pci_bus 0000:00: root bus resource [io  0x0d00-0xffff window]
[    0.249403] pci_bus 0000:00: root bus resource [mem 0x000a0000-0x000bffff window]
[    0.249405] pci_bus 0000:00: root bus resource [mem 0x000c0000-0x000dffff window]
[    0.249406] pci_bus 0000:00: root bus resource [mem 0xe0000000-0xfebfffff window]
[    0.249407] pci_bus 0000:00: root bus resource [mem 0xfee00000-0xffffffff window]
[    0.249409] pci_bus 0000:00: root bus resource [bus 00-ff]
[    0.249421] pci 0000:00:00.0: [1022:15d0] type 00 class 0x060000
[    0.249566] pci 0000:00:00.2: [1022:15d1] type 00 class 0x080600
[    0.249711] pci 0000:00:01.0: [1022:1452] type 00 class 0x060000
[    0.249807] pci 0000:00:01.2: [1022:15d3] type 01 class 0x060400
[    0.249847] pci 0000:00:01.2: enabling Extended Tags
[    0.249921] pci 0000:00:01.2: PME# supported from D0 D3hot D3cold
[    0.249997] pci 0000:00:01.3: [1022:15d3] type 01 class 0x060400
[    0.250037] pci 0000:00:01.3: enabling Extended Tags
[    0.250086] pci 0000:00:01.3: PME# supported from D0 D3hot D3cold
[    0.250205] pci 0000:00:08.0: [1022:1452] type 00 class 0x060000
[    0.250297] pci 0000:00:08.1: [1022:15db] type 01 class 0x060400
[    0.250341] pci 0000:00:08.1: enabling Extended Tags
[    0.250384] pci 0000:00:08.1: PME# supported from D0 D3hot D3cold
[    0.250480] pci 0000:00:08.2: [1022:15dc] type 01 class 0x060400
[    0.250519] pci 0000:00:08.2: enabling Extended Tags
[    0.250560] pci 0000:00:08.2: PME# supported from D0 D3hot D3cold
[    0.250672] pci 0000:00:14.0: [1022:790b] type 00 class 0x0c0500
[    0.250840] pci 0000:00:14.3: [1022:790e] type 00 class 0x060100
[    0.251015] pci 0000:00:18.0: [1022:15e8] type 00 class 0x060000
[    0.251088] pci 0000:00:18.1: [1022:15e9] type 00 class 0x060000
[    0.251158] pci 0000:00:18.2: [1022:15ea] type 00 class 0x060000
[    0.251226] pci 0000:00:18.3: [1022:15eb] type 00 class 0x060000
[    0.251285] pci 0000:00:18.4: [1022:15ec] type 00 class 0x060000
[    0.251343] pci 0000:00:18.5: [1022:15ed] type 00 class 0x060000
[    0.251404] pci 0000:00:18.6: [1022:15ee] type 00 class 0x060000
[    0.251462] pci 0000:00:18.7: [1022:15ef] type 00 class 0x060000
[    0.251617] pci 0000:01:00.0: [10ec:c821] type 00 class 0x028000
[    0.251653] pci 0000:01:00.0: reg 0x10: [io  0xf000-0xf0ff]
[    0.251677] pci 0000:01:00.0: reg 0x18: [mem 0xfea00000-0xfea0ffff 64bit]
[    0.251800] pci 0000:01:00.0: supports D1 D2
[    0.251801] pci 0000:01:00.0: PME# supported from D0 D1 D2 D3hot D3cold
[    0.251974] pci 0000:00:01.2: PCI bridge to [bus 01]
[    0.251979] pci 0000:00:01.2:   bridge window [io  0xf000-0xffff]
[    0.251981] pci 0000:00:01.2:   bridge window [mem 0xfea00000-0xfeafffff]
[    0.252074] pci 0000:02:00.0: [144d:a809] type 00 class 0x010802
[    0.252100] pci 0000:02:00.0: reg 0x10: [mem 0xfe900000-0xfe903fff 64bit]
[    0.252345] pci 0000:00:01.3: PCI bridge to [bus 02]
[    0.252351] pci 0000:00:01.3:   bridge window [mem 0xfe900000-0xfe9fffff]
[    0.252465] pci 0000:03:00.0: [1002:15d8] type 00 class 0x030000
[    0.252494] pci 0000:03:00.0: reg 0x10: [mem 0xe0000000-0xefffffff 64bit pref]
[    0.252505] pci 0000:03:00.0: reg 0x18: [mem 0xf0000000-0xf01fffff 64bit pref]
[    0.252513] pci 0000:03:00.0: reg 0x20: [io  0xe000-0xe0ff]
[    0.252520] pci 0000:03:00.0: reg 0x24: [mem 0xfe700000-0xfe77ffff]
[    0.252533] pci 0000:03:00.0: enabling Extended Tags
[    0.252545] pci 0000:03:00.0: BAR 0: assigned to efifb
[    0.252608] pci 0000:03:00.0: PME# supported from D1 D2 D3hot D3cold
[    0.252707] pci 0000:03:00.1: [1002:15de] type 00 class 0x040300
[    0.252723] pci 0000:03:00.1: reg 0x10: [mem 0xfe7c8000-0xfe7cbfff]
[    0.252757] pci 0000:03:00.1: enabling Extended Tags
[    0.252803] pci 0000:03:00.1: PME# supported from D1 D2 D3hot D3cold
[    0.252870] pci 0000:03:00.2: [1022:15df] type 00 class 0x108000
[    0.252897] pci 0000:03:00.2: reg 0x18: [mem 0xfe600000-0xfe6fffff]
[    0.252912] pci 0000:03:00.2: reg 0x24: [mem 0xfe7ce000-0xfe7cffff]
[    0.252922] pci 0000:03:00.2: enabling Extended Tags
[    0.253045] pci 0000:03:00.3: [1022:15e0] type 00 class 0x0c0330
[    0.253067] pci 0000:03:00.3: reg 0x10: [mem 0xfe500000-0xfe5fffff 64bit]
[    0.253105] pci 0000:03:00.3: enabling Extended Tags
[    0.253155] pci 0000:03:00.3: PME# supported from D0 D3hot D3cold
[    0.253231] pci 0000:03:00.4: [1022:15e1] type 00 class 0x0c0330
[    0.253253] pci 0000:03:00.4: reg 0x10: [mem 0xfe400000-0xfe4fffff 64bit]
[    0.253290] pci 0000:03:00.4: enabling Extended Tags
[    0.253341] pci 0000:03:00.4: PME# supported from D0 D3hot D3cold
[    0.253414] pci 0000:03:00.5: [1022:15e2] type 00 class 0x048000
[    0.253431] pci 0000:03:00.5: reg 0x10: [mem 0xfe780000-0xfe7bffff]
[    0.253468] pci 0000:03:00.5: enabling Extended Tags
[    0.253513] pci 0000:03:00.5: PME# supported from D0 D3hot D3cold
[    0.253585] pci 0000:03:00.6: [1022:15e3] type 00 class 0x040300
[    0.253602] pci 0000:03:00.6: reg 0x10: [mem 0xfe7c0000-0xfe7c7fff]
[    0.253635] pci 0000:03:00.6: enabling Extended Tags
[    0.253680] pci 0000:03:00.6: PME# supported from D0 D3hot D3cold
[    0.253757] pci 0000:03:00.7: [1022:15e6] type 00 class 0x000000
[    0.253783] pci 0000:03:00.7: reg 0x18: [mem 0xfe300000-0xfe3fffff]
[    0.253798] pci 0000:03:00.7: reg 0x24: [mem 0xfe7cc000-0xfe7cdfff]
[    0.253809] pci 0000:03:00.7: enabling Extended Tags
[    0.253963] pci 0000:00:08.1: PCI bridge to [bus 03]
[    0.253967] pci 0000:00:08.1:   bridge window [io  0xe000-0xefff]
[    0.253970] pci 0000:00:08.1:   bridge window [mem 0xfe300000-0xfe7fffff]
[    0.253973] pci 0000:00:08.1:   bridge window [mem 0xe0000000-0xf01fffff 64bit pref]
[    0.254035] pci 0000:04:00.0: [1022:7901] type 00 class 0x010601
[    0.254074] pci 0000:04:00.0: reg 0x24: [mem 0xfe800000-0xfe8007ff]
[    0.254084] pci 0000:04:00.0: enabling Extended Tags
[    0.254133] pci 0000:04:00.0: PME# supported from D3hot D3cold
[    0.254216] pci 0000:00:08.2: PCI bridge to [bus 04]
[    0.254222] pci 0000:00:08.2:   bridge window [mem 0xfe800000-0xfe8fffff]
[    0.254813] ACPI: PCI Interrupt Link [LNKA] (IRQs 4 5 7 10 11 14 15) *0
[    0.254873] ACPI: PCI Interrupt Link [LNKB] (IRQs 4 5 7 10 11 14 15) *0
[    0.254925] ACPI: PCI Interrupt Link [LNKC] (IRQs 4 5 7 10 11 14 15) *0
[    0.254989] ACPI: PCI Interrupt Link [LNKD] (IRQs 4 5 7 10 11 14 15) *0
[    0.255046] ACPI: PCI Interrupt Link [LNKE] (IRQs 4 5 7 10 11 14 15) *0
[    0.255093] ACPI: PCI Interrupt Link [LNKF] (IRQs 4 5 7 10 11 14 15) *0
[    0.255141] ACPI: PCI Interrupt Link [LNKG] (IRQs 4 5 7 10 11 14 15) *0
[    0.255188] ACPI: PCI Interrupt Link [LNKH] (IRQs 4 5 7 10 11 14 15) *0
[    0.255804] ACPI: EC: interrupt unblocked
[    0.255804] ACPI: EC: event unblocked
[    0.255804] ACPI: \_SB_.PCI0.SBRG.EC0_: GPE=0x3, IRQ=-1, EC_CMD/EC_SC=0x66, EC_DATA=0x62
[    0.255804] ACPI: \_SB_.PCI0.SBRG.EC0_: Boot DSDT EC used to handle transactions and events
[    0.255807] iommu: Default domain type: Translated 
[    0.255807] SCSI subsystem initialized
[    0.255807] libata version 3.00 loaded.
[    0.255807] pci 0000:03:00.0: vgaarb: VGA device added: decodes=io+mem,owns=none,locks=none
[    0.255807] pci 0000:03:00.0: vgaarb: bridge control possible
[    0.255807] pci 0000:03:00.0: vgaarb: setting as boot device
[    0.255807] vgaarb: loaded
[    0.255807] ACPI: bus type USB registered
[    0.255807] usbcore: registered new interface driver usbfs
[    0.255807] usbcore: registered new interface driver hub
[    0.255807] usbcore: registered new device driver usb
[    0.257439] pps_core: LinuxPPS API ver. 1 registered
[    0.257439] pps_core: Software ver. 5.3.6 - Copyright 2005-2007 Rodolfo Giometti <giometti@linux.it>
[    0.257439] PTP clock support registered
[    0.257455] EDAC MC: Ver: 3.0.0
[    0.257565] Registered efivars operations
[    0.257565] PCI: Using ACPI for IRQ routing
[    0.259553] PCI: pci_cache_line_size set to 64 bytes
[    0.259699] Expanded resource Reserved due to conflict with PCI Bus 0000:00
[    0.259701] e820: reserve RAM buffer [mem 0x09602000-0x0bffffff]
[    0.259702] e820: reserve RAM buffer [mem 0x0a200000-0x0bffffff]
[    0.259703] e820: reserve RAM buffer [mem 0x59462018-0x5bffffff]
[    0.259704] e820: reserve RAM buffer [mem 0x5b6a6000-0x5bffffff]
[    0.259705] e820: reserve RAM buffer [mem 0x5bc1d000-0x5bffffff]
[    0.259706] e820: reserve RAM buffer [mem 0x5c9e3000-0x5fffffff]
[    0.259706] e820: reserve RAM buffer [mem 0x5f000000-0x5fffffff]
[    0.259707] e820: reserve RAM buffer [mem 0x21f340000-0x21fffffff]
[    0.261443] NetLabel: Initializing
[    0.261443] NetLabel:  domain hash size = 128
[    0.261443] NetLabel:  protocols = UNLABELED CIPSOv4 CALIPSO
[    0.261443] NetLabel:  unlabeled traffic allowed by default
[    0.261498] hpet0: at MMIO 0xfed00000, IRQs 2, 8, 0
[    0.261501] hpet0: 3 comparators, 32-bit 14.318180 MHz counter
[    0.261501] clocksource: Switched to clocksource tsc-early
[    0.272597] *** VALIDATE bpf ***
[    0.272683] VFS: Disk quotas dquot_6.6.0
[    0.272700] VFS: Dquot-cache hash table entries: 512 (order 0, 4096 bytes)
[    0.272726] *** VALIDATE ramfs ***
[    0.272729] *** VALIDATE hugetlbfs ***
[    0.272810] AppArmor: AppArmor Filesystem Enabled
[    0.272843] pnp: PnP ACPI init
[    0.272994] system 00:00: [mem 0xf8000000-0xfbffffff] has been reserved
[    0.272998] system 00:00: Plug and Play ACPI device, IDs PNP0c01 (active)
[    0.273262] pnp 00:01: Plug and Play ACPI device, IDs PNP0b00 (active)
[    0.273330] pnp 00:02: Plug and Play ACPI device, IDs ATK3001 PNP030b (active)
[    0.273549] system 00:03: [io  0x04d0-0x04d1] has been reserved
[    0.273550] system 00:03: [io  0x040b] has been reserved
[    0.273551] system 00:03: [io  0x04d6] has been reserved
[    0.273552] system 00:03: [io  0x0c00-0x0c01] has been reserved
[    0.273553] system 00:03: [io  0x0c14] has been reserved
[    0.273554] system 00:03: [io  0x0c50-0x0c51] has been reserved
[    0.273555] system 00:03: [io  0x0c52] has been reserved
[    0.273555] system 00:03: [io  0x0c6c] has been reserved
[    0.273556] system 00:03: [io  0x0c6f] has been reserved
[    0.273557] system 00:03: [io  0x0cd0-0x0cd1] has been reserved
[    0.273558] system 00:03: [io  0x0cd2-0x0cd3] has been reserved
[    0.273559] system 00:03: [io  0x0cd4-0x0cd5] has been reserved
[    0.273560] system 00:03: [io  0x0cd6-0x0cd7] has been reserved
[    0.273560] system 00:03: [io  0x0cd8-0x0cdf] has been reserved
[    0.273561] system 00:03: [io  0x0800-0x089f] has been reserved
[    0.273562] system 00:03: [io  0x0b00-0x0b0f] has been reserved
[    0.273563] system 00:03: [io  0x0b20-0x0b3f] has been reserved
[    0.273564] system 00:03: [io  0x0900-0x090f] has been reserved
[    0.273566] system 00:03: [io  0x0910-0x091f] has been reserved
[    0.273567] system 00:03: [mem 0xfec00000-0xfec00fff] could not be reserved
[    0.273568] system 00:03: [mem 0xfec01000-0xfec01fff] could not be reserved
[    0.273569] system 00:03: [mem 0xfedc0000-0xfedc0fff] has been reserved
[    0.273570] system 00:03: [mem 0xfee00000-0xfee00fff] has been reserved
[    0.273571] system 00:03: [mem 0xfed80000-0xfed8ffff] could not be reserved
[    0.273572] system 00:03: [mem 0xfec10000-0xfec10fff] has been reserved
[    0.273572] system 00:03: [mem 0xff000000-0xffffffff] has been reserved
[    0.273575] system 00:03: Plug and Play ACPI device, IDs PNP0c02 (active)
[    0.274070] pnp: PnP ACPI: found 4 devices
[    0.275286] thermal_sys: Registered thermal governor 'fair_share'
[    0.275286] thermal_sys: Registered thermal governor 'bang_bang'
[    0.275287] thermal_sys: Registered thermal governor 'step_wise'
[    0.275288] thermal_sys: Registered thermal governor 'user_space'
[    0.275288] thermal_sys: Registered thermal governor 'power_allocator'
[    0.279843] clocksource: acpi_pm: mask: 0xffffff max_cycles: 0xffffff, max_idle_ns: 2085701024 ns
[    0.279874] pci 0000:00:01.2: bridge window [mem 0x00100000-0x000fffff 64bit pref] to [bus 01] add_size 200000 add_align 100000
[    0.279882] pci 0000:00:01.2: BAR 15: assigned [mem 0xf0200000-0xf03fffff 64bit pref]
[    0.279884] pci 0000:00:01.2: PCI bridge to [bus 01]
[    0.279886] pci 0000:00:01.2:   bridge window [io  0xf000-0xffff]
[    0.279890] pci 0000:00:01.2:   bridge window [mem 0xfea00000-0xfeafffff]
[    0.279892] pci 0000:00:01.2:   bridge window [mem 0xf0200000-0xf03fffff 64bit pref]
[    0.279896] pci 0000:00:01.3: PCI bridge to [bus 02]
[    0.279899] pci 0000:00:01.3:   bridge window [mem 0xfe900000-0xfe9fffff]
[    0.279906] pci 0000:00:08.1: PCI bridge to [bus 03]
[    0.279912] pci 0000:00:08.1:   bridge window [io  0xe000-0xefff]
[    0.279915] pci 0000:00:08.1:   bridge window [mem 0xfe300000-0xfe7fffff]
[    0.279917] pci 0000:00:08.1:   bridge window [mem 0xe0000000-0xf01fffff 64bit pref]
[    0.279921] pci 0000:00:08.2: PCI bridge to [bus 04]
[    0.279924] pci 0000:00:08.2:   bridge window [mem 0xfe800000-0xfe8fffff]
[    0.279931] pci_bus 0000:00: resource 4 [io  0x0000-0x03af window]
[    0.279931] pci_bus 0000:00: resource 5 [io  0x03e0-0x0cf7 window]
[    0.279932] pci_bus 0000:00: resource 6 [io  0x03b0-0x03df window]
[    0.279933] pci_bus 0000:00: resource 7 [io  0x0d00-0xffff window]
[    0.279934] pci_bus 0000:00: resource 8 [mem 0x000a0000-0x000bffff window]
[    0.279935] pci_bus 0000:00: resource 9 [mem 0x000c0000-0x000dffff window]
[    0.279935] pci_bus 0000:00: resource 10 [mem 0xe0000000-0xfebfffff window]
[    0.279936] pci_bus 0000:00: resource 11 [mem 0xfee00000-0xffffffff window]
[    0.279937] pci_bus 0000:01: resource 0 [io  0xf000-0xffff]
[    0.279938] pci_bus 0000:01: resource 1 [mem 0xfea00000-0xfeafffff]
[    0.279939] pci_bus 0000:01: resource 2 [mem 0xf0200000-0xf03fffff 64bit pref]
[    0.279940] pci_bus 0000:02: resource 1 [mem 0xfe900000-0xfe9fffff]
[    0.279941] pci_bus 0000:03: resource 0 [io  0xe000-0xefff]
[    0.279941] pci_bus 0000:03: resource 1 [mem 0xfe300000-0xfe7fffff]
[    0.279942] pci_bus 0000:03: resource 2 [mem 0xe0000000-0xf01fffff 64bit pref]
[    0.279943] pci_bus 0000:04: resource 1 [mem 0xfe800000-0xfe8fffff]
[    0.280017] NET: Registered protocol family 2
[    0.280229] tcp_listen_portaddr_hash hash table entries: 4096 (order: 4, 65536 bytes, linear)
[    0.280294] TCP established hash table entries: 65536 (order: 7, 524288 bytes, linear)
[    0.280496] TCP bind hash table entries: 65536 (order: 8, 1048576 bytes, linear)
[    0.280609] TCP: Hash tables configured (established 65536 bind 65536)
[    0.280657] UDP hash table entries: 4096 (order: 5, 131072 bytes, linear)
[    0.280685] UDP-Lite hash table entries: 4096 (order: 5, 131072 bytes, linear)
[    0.280750] NET: Registered protocol family 1
[    0.280756] NET: Registered protocol family 44
[    0.280850] pci 0000:03:00.1: D0 power state depends on 0000:03:00.0
[    0.280859] pci 0000:03:00.3: extending delay after power-on from D3hot to 20 msec
[    0.281125] pci 0000:03:00.4: extending delay after power-on from D3hot to 20 msec
[    0.281218] PCI: CLS 64 bytes, default 64
[    0.281264] Trying to unpack rootfs image as initramfs...
[    0.464922] Freeing initrd memory: 85388K
[    0.465002] PCI-DMA: Using software bounce buffering for IO (SWIOTLB)
[    0.465004] software IO TLB: mapped [mem 0x55331000-0x59331000] (64MB)
[    0.465080] amd_uncore: AMD NB counters detected
[    0.465083] amd_uncore: AMD LLC counters detected
[    0.465350] check: Scanning for low memory corruption every 60 seconds
[    0.465763] Initialise system trusted keyrings
[    0.465796] Key type blacklist registered
[    0.465830] workingset: timestamp_bits=36 max_order=21 bucket_order=0
[    0.466738] zbud: loaded
[    0.467013] squashfs: version 4.0 (2009/01/31) Phillip Lougher
[    0.467159] fuse: init (API version 7.31)
[    0.467171] *** VALIDATE fuse ***
[    0.467172] *** VALIDATE fuse ***
[    0.467254] Platform Keyring initialized
[    0.470456] Key type asymmetric registered
[    0.470457] Asymmetric key parser 'x509' registered
[    0.470464] Block layer SCSI generic (bsg) driver version 0.4 loaded (major 244)
[    0.470511] io scheduler mq-deadline registered
[    0.471185] pcieport 0000:00:01.2: PME: Signaling with IRQ 25
[    0.471235] pcieport 0000:00:01.2: AER: enabled with IRQ 25
[    0.471251] pcieport 0000:00:01.2: pciehp: Slot #0 AttnBtn- PwrCtrl- MRL- AttnInd- PwrInd- HotPlug+ Surprise- Interlock- NoCompl+ LLActRep+
[    0.471384] pcieport 0000:00:01.3: PME: Signaling with IRQ 26
[    0.471432] pcieport 0000:00:01.3: AER: enabled with IRQ 26
[    0.471531] pcieport 0000:00:08.1: PME: Signaling with IRQ 27
[    0.471693] pcieport 0000:00:08.2: PME: Signaling with IRQ 28
[    0.471743] shpchp: Standard Hot Plug PCI Controller Driver version: 0.4
[    0.471783] efifb: probing for efifb
[    0.471826] efifb: showing boot graphics
[    0.474039] efifb: framebuffer at 0xe0000000, using 8100k, total 8100k
[    0.474039] efifb: mode is 1920x1080x32, linelength=7680, pages=1
[    0.474039] efifb: scrolling: redraw
[    0.474040] efifb: Truecolor: size=8:8:8:8, shift=24:16:8:0
[    0.474074] fbcon: Deferring console take-over
[    0.474075] fb0: EFI VGA frame buffer device
[    0.475791] ACPI: AC Adapter [AC0] (off-line)
[    0.475832] input: Lid Switch as /devices/LNXSYSTM:00/LNXSYBUS:00/PNP0A08:00/device:3b/PNP0C09:00/PNP0C0D:00/input/input0
[    0.475844] ACPI: Lid Switch [LID]
[    0.475865] input: Power Button as /devices/LNXSYSTM:00/LNXSYBUS:00/PNP0C0C:00/input/input1
[    0.475897] ACPI: Power Button [PWRB]
[    0.475920] input: Power Button as /devices/LNXSYSTM:00/LNXPWRBN:00/input/input2
[    0.475944] ACPI: Power Button [PWRF]
[    0.476006] Monitor-Mwait will be used to enter C-1 state
[    0.477826] thermal LNXTHERM:00: registered as thermal_zone0
[    0.477827] ACPI: Thermal Zone [THRM] (74 C)
[    0.477988] Serial: 8250/16550 driver, 32 ports, IRQ sharing enabled
[    0.482773] Linux agpgart interface v0.103
[    0.483512] battery: ACPI: Battery Slot [BAT0] (battery present)
[    0.555905] loop: module loaded
[    0.556254] libphy: Fixed MDIO Bus: probed
[    0.556255] tun: Universal TUN/TAP device driver, 1.6
[    0.556318] PPP generic driver version 2.4.2
[    0.556413] VFIO - User Level meta-driver version: 0.3
[    0.556600] ehci_hcd: USB 2.0 'Enhanced' Host Controller (EHCI) Driver
[    0.556604] ehci-pci: EHCI PCI platform driver
[    0.556626] ehci-platform: EHCI generic platform driver
[    0.556640] ohci_hcd: USB 1.1 'Open' Host Controller (OHCI) Driver
[    0.556642] ohci-pci: OHCI PCI platform driver
[    0.556649] ohci-platform: OHCI generic platform driver
[    0.556655] uhci_hcd: USB Universal Host Controller Interface driver
[    0.556918] xhci_hcd 0000:03:00.3: xHCI Host Controller
[    0.556926] xhci_hcd 0000:03:00.3: new USB bus registered, assigned bus number 1
[    0.557102] xhci_hcd 0000:03:00.3: hcc params 0x0270ffe5 hci version 0x110 quirks 0x0000000840000410
[    0.557441] usb usb1: New USB device found, idVendor=1d6b, idProduct=0002, bcdDevice= 5.04
[    0.557443] usb usb1: New USB device strings: Mfr=3, Product=2, SerialNumber=1
[    0.557445] usb usb1: Product: xHCI Host Controller
[    0.557446] usb usb1: Manufacturer: Linux 5.4.0-65-generic xhci-hcd
[    0.557447] usb usb1: SerialNumber: 0000:03:00.3
[    0.557596] hub 1-0:1.0: USB hub found
[    0.557610] hub 1-0:1.0: 4 ports detected
[    0.558352] xhci_hcd 0000:03:00.3: xHCI Host Controller
[    0.558356] xhci_hcd 0000:03:00.3: new USB bus registered, assigned bus number 2
[    0.558359] xhci_hcd 0000:03:00.3: Host supports USB 3.1 Enhanced SuperSpeed
[    0.558400] usb usb2: We don't know the algorithms for LPM for this host, disabling LPM.
[    0.558420] usb usb2: New USB device found, idVendor=1d6b, idProduct=0003, bcdDevice= 5.04
[    0.558421] usb usb2: New USB device strings: Mfr=3, Product=2, SerialNumber=1
[    0.558422] usb usb2: Product: xHCI Host Controller
[    0.558423] usb usb2: Manufacturer: Linux 5.4.0-65-generic xhci-hcd
[    0.558424] usb usb2: SerialNumber: 0000:03:00.3
[    0.558535] hub 2-0:1.0: USB hub found
[    0.558548] hub 2-0:1.0: 4 ports detected
[    0.559557] xhci_hcd 0000:03:00.4: xHCI Host Controller
[    0.559562] xhci_hcd 0000:03:00.4: new USB bus registered, assigned bus number 3
[    0.559709] xhci_hcd 0000:03:00.4: hcc params 0x0260ffe5 hci version 0x110 quirks 0x0000000840000410
[    0.560032] usb usb3: New USB device found, idVendor=1d6b, idProduct=0002, bcdDevice= 5.04
[    0.560033] usb usb3: New USB device strings: Mfr=3, Product=2, SerialNumber=1
[    0.560034] usb usb3: Product: xHCI Host Controller
[    0.560035] usb usb3: Manufacturer: Linux 5.4.0-65-generic xhci-hcd
[    0.560036] usb usb3: SerialNumber: 0000:03:00.4
[    0.560151] hub 3-0:1.0: USB hub found
[    0.560162] hub 3-0:1.0: 2 ports detected
[    0.560436] xhci_hcd 0000:03:00.4: xHCI Host Controller
[    0.560439] xhci_hcd 0000:03:00.4: new USB bus registered, assigned bus number 4
[    0.560441] xhci_hcd 0000:03:00.4: Host supports USB 3.1 Enhanced SuperSpeed
[    0.560467] usb usb4: We don't know the algorithms for LPM for this host, disabling LPM.
[    0.560486] usb usb4: New USB device found, idVendor=1d6b, idProduct=0003, bcdDevice= 5.04
[    0.560487] usb usb4: New USB device strings: Mfr=3, Product=2, SerialNumber=1
[    0.560488] usb usb4: Product: xHCI Host Controller
[    0.560489] usb usb4: Manufacturer: Linux 5.4.0-65-generic xhci-hcd
[    0.560490] usb usb4: SerialNumber: 0000:03:00.4
[    0.560615] hub 4-0:1.0: USB hub found
[    0.560625] hub 4-0:1.0: 1 port detected
[    0.560807] i8042: PNP: PS/2 Controller [PNP030b:PS2K] at 0x60,0x64 irq 1
[    0.560808] i8042: PNP: PS/2 appears to have AUX port disabled, if this is incorrect please boot with i8042.nopnp
[    0.564728] serio: i8042 KBD port at 0x60,0x64 irq 1
[    0.564856] mousedev: PS/2 mouse device common for all mice
[    0.565397] rtc_cmos 00:01: RTC can wake from S4
[    0.565682] rtc_cmos 00:01: registered as rtc0
[    0.565697] rtc_cmos 00:01: alarms up to one month, y3k, 114 bytes nvram, hpet irqs
[    0.565702] i2c /dev entries driver
[    0.565824] device-mapper: uevent: version 1.0.3
[    0.565946] device-mapper: ioctl: 4.41.0-ioctl (2019-09-16) initialised: dm-devel@redhat.com
[    0.565968] platform eisa.0: Probing EISA bus 0
[    0.565970] platform eisa.0: EISA: Cannot allocate resource for mainboard
[    0.565972] platform eisa.0: Cannot allocate resource for EISA slot 1
[    0.565973] platform eisa.0: Cannot allocate resource for EISA slot 2
[    0.565974] platform eisa.0: Cannot allocate resource for EISA slot 3
[    0.565975] platform eisa.0: Cannot allocate resource for EISA slot 4
[    0.565976] platform eisa.0: Cannot allocate resource for EISA slot 5
[    0.565977] platform eisa.0: Cannot allocate resource for EISA slot 6
[    0.565978] platform eisa.0: Cannot allocate resource for EISA slot 7
[    0.565978] platform eisa.0: Cannot allocate resource for EISA slot 8
[    0.565979] platform eisa.0: EISA: Detected 0 cards
[    0.566176] ledtrig-cpu: registered to indicate activity on CPUs
[    0.566181] EFI Variables Facility v0.08 2004-May-17
[    0.577451] input: AT Translated Set 2 keyboard as /devices/platform/i8042/serio0/input/input3
[    0.581998] drop_monitor: Initializing network drop monitor service
[    0.582234] NET: Registered protocol family 10
[    0.588721] Segment Routing with IPv6
[    0.588765] NET: Registered protocol family 17
[    0.588900] Key type dns_resolver registered
[    0.589974] RAS: Correctable Errors collector initialized.
[    0.590035] microcode: CPU0: patch_level=0x08108109
[    0.590049] microcode: CPU1: patch_level=0x08108109
[    0.590073] microcode: CPU2: patch_level=0x08108109
[    0.590083] microcode: CPU3: patch_level=0x08108109
[    0.590114] microcode: CPU4: patch_level=0x08108109
[    0.590126] microcode: CPU5: patch_level=0x08108109
[    0.590149] microcode: CPU6: patch_level=0x08108109
[    0.590160] microcode: CPU7: patch_level=0x08108109
[    0.590273] microcode: Microcode Update Driver: v2.2.
[    0.590279] IPI shorthand broadcast: enabled
[    0.590304] sched_clock: Marking stable (589861704, 401443)->(595268261, -5005114)
[    0.590499] registered taskstats version 1
[    0.590526] Loading compiled-in X.509 certificates
[    0.591437] Loaded X.509 cert 'Build time autogenerated kernel key: 254611168742f91faa32f8ad6a92fc903145caeb'
[    0.591513] zswap: loaded using pool lzo/zbud
[    0.591629] Key type ._fscrypt registered
[    0.591630] Key type .fscrypt registered
[    0.597669] Key type big_key registered
[    0.597678] Key type trusted registered
[    0.600485] Key type encrypted registered
[    0.600491] AppArmor: AppArmor sha1 policy hashing enabled
[    0.601547] integrity: Loading X.509 certificate: UEFI:db
[    0.602153] integrity: Loaded X.509 cert 'ASUSTeK Notebook SW Key Certificate: b8e581e4df77a5bb4282d5ccfc00c071'
[    0.602154] integrity: Loading X.509 certificate: UEFI:db
[    0.602468] integrity: Loaded X.509 cert 'ASUSTeK MotherBoard SW Key Certificate: da83b990422ebc8c441f8d8b039a65a2'
[    0.602468] integrity: Loading X.509 certificate: UEFI:db
[    0.602531] integrity: Loaded X.509 cert 'Microsoft Corporation UEFI CA 2011: 13adbf4309bd82709c8cd54f316ed522988a1bd4'
[    0.602531] integrity: Loading X.509 certificate: UEFI:db
[    0.602564] integrity: Loaded X.509 cert 'Microsoft Windows Production PCA 2011: a92902398e16c49778cd90f99e4f9ae17c55af53'
[    0.602564] integrity: Loading X.509 certificate: UEFI:db
[    0.602788] integrity: Loaded X.509 cert 'Canonical Ltd. Master Certificate Authority: ad91990bc22ab1f517048c23b6655a268e345a63'
[    0.603549] integrity: Loading X.509 certificate: UEFI:MokListRT
[    0.603600] integrity: Loaded X.509 cert 'SomeOrg: shim: a01ee84e9b37ace407961cc468c5909447878469'
[    0.603600] integrity: Loading X.509 certificate: UEFI:MokListRT
[    0.603837] integrity: Loaded X.509 cert 'Canonical Ltd. Master Certificate Authority: ad91990bc22ab1f517048c23b6655a268e345a63'
[    0.606652] ima: Allocated hash algorithm: sha1
[    0.715238] ima: No architecture policies found
[    0.715267] evm: Initialising EVM extended attributes:
[    0.715269] evm: security.selinux
[    0.715270] evm: security.SMACK64
[    0.715271] evm: security.SMACK64EXEC
[    0.715271] evm: security.SMACK64TRANSMUTE
[    0.715272] evm: security.SMACK64MMAP
[    0.715273] evm: security.apparmor
[    0.715273] evm: security.ima
[    0.715274] evm: security.capability
[    0.715276] evm: HMAC attrs: 0x1
[    0.715999] PM:   Magic number: 9:282:700
[    0.716109] acpi LNXCPU:0e: hash matches
[    0.716320] rtc_cmos 00:01: setting system clock to 2021-02-14T20:40:09 UTC (1613335209)
[    0.716819] acpi_cpufreq: overriding BIOS provided _PSD data
[    0.719058] Freeing unused decrypted memory: 2040K
[    0.719765] Freeing unused kernel image memory: 2724K
[    0.719770] Write protecting the kernel read-only data: 22528k
[    0.720473] Freeing unused kernel image memory: 2008K
[    0.720831] Freeing unused kernel image memory: 1184K
[    0.732696] x86/mm: Checked W+X mappings: passed, no W+X pages found.
[    0.732701] Run /init as init process
[    0.815112] hidraw: raw HID events driver (C) Jiri Kosina
[    0.817594] ACPI: Video Device [VGA1] (multi-head: yes  rom: no  post: no)
[    0.818134] acpi device:14: registered as cooling_device8
[    0.818221] input: Video Bus as /devices/LNXSYSTM:00/LNXSYBUS:00/PNP0A08:00/device:13/LNXVIDEO:01/input/input4
[    0.821602] i2c_hid i2c-ELAN1200:00: i2c-ELAN1200:00 supply vdd not found, using dummy regulator
[    0.821632] i2c_hid i2c-ELAN1200:00: i2c-ELAN1200:00 supply vddl not found, using dummy regulator
[    0.839901] i2c_amd_mp2 0000:03:00.7: enabling device (0000 -> 0002)
[    0.840160] i2c_amd_mp2 0000:03:00.7: MP2 device registered.
[    0.840250] nvme nvme0: pci function 0000:02:00.0
[    0.861051] piix4_smbus 0000:00:14.0: SMBus Host Controller at 0xb00, revision 0
[    0.861054] piix4_smbus 0000:00:14.0: Using register 0x02 for SMBus port selection
[    0.861317] piix4_smbus 0000:00:14.0: Auxiliary SMBus Host Controller at 0xb20
[    0.864044] cryptd: max_cpu_qlen set to 1000
[    0.871223] AVX2 version of gcm_enc/dec engaged.
[    0.871225] AES CTR mode by8 optimization enabled
[    0.873742] ahci 0000:04:00.0: version 3.0
[    0.873764] ahci 0000:04:00.0: enabling device (0000 -> 0002)
[    0.884757] ahci 0000:04:00.0: AHCI 0001.0301 32 slots 1 ports 6 Gbps 0x1 impl SATA mode
[    0.884761] ahci 0000:04:00.0: flags: 64bit ncq sntf ilck pm led clo only pmp fbs pio slum part 
[    0.885324] scsi host0: ahci
[    0.885493] ata1: SATA max UDMA/133 abar m2048@0xfe800000 port 0xfe800100 irq 50
[    0.901297] AMD-Vi: AMD IOMMUv2 driver by Joerg Roedel <jroedel@suse.de>
[    0.901298] AMD-Vi: AMD IOMMUv2 functionality not available on this system
[    0.901819] usb 3-1: new high-speed USB device number 2 using xhci_hcd
[    0.956033] [drm:amdgpu_init [amdgpu]] *ERROR* VGACON disables amdgpu kernel modesetting.
[    1.052337] usb 3-1: New USB device found, idVendor=0bda, idProduct=0129, bcdDevice=39.60
[    1.052340] usb 3-1: New USB device strings: Mfr=1, Product=2, SerialNumber=3
[    1.052343] usb 3-1: Product: USB2.0-CRW
[    1.052344] usb 3-1: Manufacturer: Generic
[    1.052345] usb 3-1: SerialNumber: 20100201396000000
[    1.062236] nvme nvme0: Shutdown timeout set to 8 seconds
[    1.084979] nvme nvme0: allocated 64 MiB host memory buffer.
[    1.184277] input: ELAN1200:00 04F3:309F Mouse as /devices/platform/AMDI0010:01/i2c-0/i2c-ELAN1200:00/0018:04F3:309F.0001/input/input5
[    1.184408] input: ELAN1200:00 04F3:309F Touchpad as /devices/platform/AMDI0010:01/i2c-0/i2c-ELAN1200:00/0018:04F3:309F.0001/input/input6
[    1.184483] hid-generic 0018:04F3:309F.0001: input,hidraw0: I2C HID v1.00 Mouse [ELAN1200:00 04F3:309F] on i2c-ELAN1200:00
[    1.201143] ata1: SATA link down (SStatus 0 SControl 300)
[    1.206074] nvme nvme0: 12/0/0 default/read/poll queues
[    1.221630]  nvme0n1: p1 p2 p3 p4 p5 p6
[    1.233502] usb 3-2: new high-speed USB device number 3 using xhci_hcd
[    1.383804] usb 3-2: New USB device found, idVendor=05e3, idProduct=0608, bcdDevice=85.37
[    1.383808] usb 3-2: New USB device strings: Mfr=0, Product=1, SerialNumber=0
[    1.383811] usb 3-2: Product: USB2.0 Hub
[    1.425613] hub 3-2:1.0: USB hub found
[    1.425915] hub 3-2:1.0: 4 ports detected
[    1.436284] usbcore: registered new interface driver rtsx_usb
[    1.469969] tsc: Refined TSC clocksource calibration: 2297.718 MHz
[    1.469984] clocksource: tsc: mask: 0xffffffffffffffff max_cycles: 0x211ec987e89, max_idle_ns: 440795258346 ns
[    1.470028] clocksource: Switched to clocksource tsc
[    1.717851] usb 3-2.1: new full-speed USB device number 4 using xhci_hcd
[    1.837333] usb 3-2.1: New USB device found, idVendor=13d3, idProduct=3529, bcdDevice= 1.10
[    1.837337] usb 3-2.1: New USB device strings: Mfr=1, Product=2, SerialNumber=3
[    1.837340] usb 3-2.1: Product: Bluetooth Radio 
[    1.837343] usb 3-2.1: Manufacturer: Realtek 
[    1.837345] usb 3-2.1: SerialNumber: 00e04c000001
[    1.957970] usb 3-2.2: new high-speed USB device number 5 using xhci_hcd
[    2.085055] usb 3-2.2: New USB device found, idVendor=13d3, idProduct=5a11, bcdDevice=17.02
[    2.085059] usb 3-2.2: New USB device strings: Mfr=3, Product=1, SerialNumber=2
[    2.085062] usb 3-2.2: Product: USB2.0 VGA UVC WebCam
[    2.085065] usb 3-2.2: Manufacturer: Azurewave
[    2.085066] usb 3-2.2: SerialNumber:  
[    2.605706] raid6: avx2x4   gen() 14940 MB/s
[    2.653462] raid6: avx2x4   xor()  7495 MB/s
[    2.701693] raid6: avx2x2   gen() 15071 MB/s
[    2.749700] raid6: avx2x2   xor() 10012 MB/s
[    2.797460] raid6: avx2x1   gen() 11622 MB/s
[    2.845697] raid6: avx2x1   xor()  9354 MB/s
[    2.893694] raid6: sse2x4   gen() 10876 MB/s
[    2.941701] raid6: sse2x4   xor()  5857 MB/s
[    2.989694] raid6: sse2x2   gen() 10639 MB/s
[    3.037698] raid6: sse2x2   xor()  6930 MB/s
[    3.085696] raid6: sse2x1   gen()  5249 MB/s
[    3.133463] raid6: sse2x1   xor()  5046 MB/s
[    3.133464] raid6: using algorithm avx2x2 gen() 15071 MB/s
[    3.133464] raid6: .... xor() 10012 MB/s, rmw enabled
[    3.133465] raid6: using avx2x2 recovery algorithm
[    3.136836] xor: automatically using best checksumming function   avx       
[    3.158182] Btrfs loaded, crc32c=crc32c-intel
[    3.228483] EXT4-fs (nvme0n1p4): mounted filesystem with ordered data mode. Opts: (null)
[    3.376926] systemd[1]: Inserted module 'autofs4'
[    3.426327] systemd[1]: systemd 245.4-4ubuntu3.4 running in system mode. (+PAM +AUDIT +SELINUX +IMA +APPARMOR +SMACK +SYSVINIT +UTMP +LIBCRYPTSETUP +GCRYPT +GNUTLS +ACL +XZ +LZ4 +SECCOMP +BLKID +ELFUTILS +KMOD +IDN2 -IDN +PCRE2 default-hierarchy=hybrid)
[    3.446181] systemd[1]: Detected architecture x86-64.
[    3.476451] systemd[1]: Set hostname to <satara-notebook>.
[    3.563987] systemd[1]: /lib/systemd/system/dbus.socket:5: ListenStream= references a path below legacy directory /var/run/, updating /var/run/dbus/system_bus_socket  /run/dbus/system_bus_socket; please update the unit file accordingly.
[    3.625949] systemd[1]: Created slice system-modprobe.slice.
[    3.626243] systemd[1]: Created slice system-systemd\x2dfsck.slice.
[    3.626524] systemd[1]: Created slice User and Session Slice.
[    3.626610] systemd[1]: Started Forward Password Requests to Wall Directory Watch.
[    3.627044] systemd[1]: Set up automount Arbitrary Executable File Formats File System Automount Point.
[    3.627125] systemd[1]: Reached target User and Group Name Lookups.
[    3.627195] systemd[1]: Reached target Remote File Systems.
[    3.627228] systemd[1]: Reached target Slices.
[    3.627268] systemd[1]: Reached target Swap.
[    3.627373] systemd[1]: Listening on Device-mapper event daemon FIFOs.
[    3.627547] systemd[1]: Listening on LVM2 poll daemon socket.
[    3.627658] systemd[1]: Listening on Syslog Socket.
[    3.627795] systemd[1]: Listening on fsck to fsckd communication Socket.
[    3.627869] systemd[1]: Listening on initctl Compatibility Named Pipe.
[    3.628069] systemd[1]: Listening on Journal Audit Socket.
[    3.628170] systemd[1]: Listening on Journal Socket (/dev/log).
[    3.628323] systemd[1]: Listening on Journal Socket.
[    3.628446] systemd[1]: Listening on udev Control Socket.
[    3.628545] systemd[1]: Listening on udev Kernel Socket.
[    3.629685] systemd[1]: Mounting Huge Pages File System...
[    3.630660] systemd[1]: Mounting POSIX Message Queue File System...
[    3.631802] systemd[1]: Mounting Kernel Debug File System...
[    3.632914] systemd[1]: Mounting Kernel Trace File System...
[    3.634747] systemd[1]: Starting Journal Service...
[    3.636010] systemd[1]: Starting Availability of block devices...
[    3.637713] systemd[1]: Starting Set the console keyboard layout...
[    3.638962] systemd[1]: Starting Create list of static device nodes for the current kernel...
[    3.640011] systemd[1]: Starting Monitoring of LVM2 mirrors, snapshots etc. using dmeventd or progress polling...
[    3.640061] systemd[1]: Condition check resulted in Load Kernel Module drm being skipped.
[    3.640600] systemd[1]: Condition check resulted in Set Up Additional Binary Formats being skipped.
[    3.640646] systemd[1]: Condition check resulted in File System Check on Root Device being skipped.
[    3.642706] systemd[1]: Starting Load Kernel Modules...
[    3.644208] systemd[1]: Starting Remount Root and Kernel File Systems...
[    3.646251] systemd[1]: Starting udev Coldplug all Devices...
[    3.648504] systemd[1]: Starting Uncomplicated firewall...
[    3.653473] systemd[1]: Mounted Huge Pages File System.
[    3.653958] systemd[1]: Mounted POSIX Message Queue File System.
[    3.654301] systemd[1]: Mounted Kernel Debug File System.
[    3.654817] systemd[1]: Mounted Kernel Trace File System.
[    3.657315] systemd[1]: Finished Availability of block devices.
[    3.658299] systemd[1]: Finished Create list of static device nodes for the current kernel.
[    3.659057] systemd[1]: Finished Uncomplicated firewall.
[    3.663469] EXT4-fs (nvme0n1p4): re-mounted. Opts: (null)
[    3.665753] systemd[1]: Finished Remount Root and Kernel File Systems.
[    3.666966] systemd[1]: Condition check resulted in Rebuild Hardware Database being skipped.
[    3.667024] systemd[1]: Condition check resulted in Platform Persistent Storage Archival being skipped.
[    3.668097] lp: driver loaded but no devices found
[    3.668600] systemd[1]: Starting Load/Save Random Seed...
[    3.670404] systemd[1]: Starting Create System Users...
[    3.673974] ppdev: user-space parallel port driver
[    3.685564] systemd[1]: Finished Load Kernel Modules.
[    3.686362] systemd[1]: Finished Load/Save Random Seed.
[    3.688376] systemd[1]: Mounting FUSE Control File System...
[    3.690107] systemd[1]: Mounting Kernel Configuration File System...
[    3.691730] systemd[1]: Starting Apply Kernel Variables...
[    3.694322] systemd[1]: Mounted FUSE Control File System.
[    3.694584] systemd[1]: Mounted Kernel Configuration File System.
[    3.696789] systemd[1]: Finished Create System Users.
[    3.700323] systemd[1]: Starting Create Static Device Nodes in /dev...
[    3.709372] systemd[1]: Finished Apply Kernel Variables.
[    3.714979] systemd[1]: Finished Create Static Device Nodes in /dev.
[    3.716470] systemd[1]: Starting udev Kernel Device Manager...
[    3.761331] systemd[1]: Finished Set the console keyboard layout.
[    3.765773] systemd[1]: Finished udev Coldplug all Devices.
[    3.771778] systemd[1]: Started udev Kernel Device Manager.
[    3.772447] systemd[1]: Finished Monitoring of LVM2 mirrors, snapshots etc. using dmeventd or progress polling.
[    3.772636] systemd[1]: Reached target Local File Systems (Pre).
[    3.774639] systemd[1]: Starting Show Plymouth Boot Screen...
[    3.794082] systemd[1]: Started Journal Service.
[    3.808969] systemd-journald[346]: Received client request to flush runtime journal.
[    4.039473] snd_pci_acp3x 0000:03:00.5: enabling device (0000 -> 0002)
[    4.039833] snd_pci_acp3x 0000:03:00.5: Invalid ACP audio mode : 2
[    4.049375] snd_rn_pci_acp3x: probe of 0000:03:00.5 failed with error -22
[    4.050879] cfg80211: Loading compiled-in X.509 certificates for regulatory database
[    4.051286] cfg80211: Loaded X.509 cert 'sforshee: 00b28ddf47aef9cea7'
[    4.065580] Bluetooth: Core ver 2.22
[    4.065617] NET: Registered protocol family 31
[    4.065618] Bluetooth: HCI device and connection manager initialized
[    4.065631] Bluetooth: HCI socket layer initialized
[    4.065635] Bluetooth: L2CAP socket layer initialized
[    4.065641] Bluetooth: SCO socket layer initialized
[    4.071889] asus_wmi: ASUS WMI generic driver loaded
[    4.078911] asus_wmi: Initialization: 0x1
[    4.082639] asus_wmi: BIOS WMI version: 9.0
[    4.082744] asus_wmi: SFUN value: 0x21
[    4.082749] asus-nb-wmi asus-nb-wmi: Detected ATK, not ASUSWMI, use DSTS
[    4.082753] asus-nb-wmi asus-nb-wmi: Detected ATK, enable event queue
[    4.086519] input: Asus WMI hotkeys as /devices/platform/asus-nb-wmi/input/input7
[    4.086705] usbcore: registered new interface driver btusb
[    4.098888] mc: Linux media interface: v0.10
[    4.117036] 8821ce: loading out-of-tree module taints kernel.
[    4.157928] 8821ce: module verification failed: signature and/or required key missing - tainting kernel
[    4.159331] videodev: Linux video capture interface: v2.00
[    4.175817] [drm:amdgpu_init [amdgpu]] *ERROR* VGACON disables amdgpu kernel modesetting.
[    4.184415] rtl8821ce 0000:01:00.0: enabling device (0000 -> 0003)
[    4.191698] kvm: Nested Virtualization enabled
[    4.191724] kvm: Nested Paging enabled
[    4.191725] SVM: Virtual VMLOAD VMSAVE supported
[    4.191726] SVM: Virtual GIF supported
[    4.208558] battery: new extension: ASUS Battery Extension
[    4.265085] input: ELAN1200:00 04F3:309F Mouse as /devices/platform/AMDI0010:01/i2c-0/i2c-ELAN1200:00/0018:04F3:309F.0001/input/input8
[    4.266228] input: ELAN1200:00 04F3:309F Touchpad as /devices/platform/AMDI0010:01/i2c-0/i2c-ELAN1200:00/0018:04F3:309F.0001/input/input9
[    4.266352] hid-multitouch 0018:04F3:309F.0001: input,hidraw0: I2C HID v1.00 Mouse [ELAN1200:00 04F3:309F] on i2c-ELAN1200:00
[    4.289422] uvcvideo: Found UVC 1.00 device USB2.0 VGA UVC WebCam (13d3:5a11)
[    4.300509] input: USB2.0 VGA UVC WebCam: USB2.0 V as /devices/pci0000:00/0000:00:08.1/0000:03:00.4/usb3/3-2/3-2.2/3-2.2:1.0/input/input10
[    4.300640] usbcore: registered new interface driver uvcvideo
[    4.300642] USB Video Class driver (1.1.1)
[    4.362704] rtl8821ce 0000:01:00.0 wlp1s0: renamed from wlan0
[    4.429204] snd_hda_intel 0000:03:00.1: enabling device (0000 -> 0002)
[    4.429413] snd_hda_intel 0000:03:00.1: Handle vga_switcheroo audio client
[    4.429644] snd_hda_intel 0000:03:00.6: enabling device (0000 -> 0002)
[    4.450137] input: HD-Audio Generic HDMI/DP,pcm=3 as /devices/pci0000:00/0000:00:08.1/0000:03:00.1/sound/card0/input11
[    4.470632] audit: type=1400 audit(1613335213.249:2): apparmor="STATUS" operation="profile_load" profile="unconfined" name="ippusbxd" pid=565 comm="apparmor_parser"
[    4.472954] audit: type=1400 audit(1613335213.249:3): apparmor="STATUS" operation="profile_load" profile="unconfined" name="/usr/lib/snapd/snap-confine" pid=572 comm="apparmor_parser"
[    4.472959] audit: type=1400 audit(1613335213.249:4): apparmor="STATUS" operation="profile_load" profile="unconfined" name="/usr/lib/snapd/snap-confine//mount-namespace-capture-helper" pid=572 comm="apparmor_parser"
[    4.473014] audit: type=1400 audit(1613335213.249:5): apparmor="STATUS" operation="profile_load" profile="unconfined" name="/usr/sbin/cups-browsed" pid=575 comm="apparmor_parser"
[    4.473280] audit: type=1400 audit(1613335213.249:6): apparmor="STATUS" operation="profile_load" profile="unconfined" name="lsb_release" pid=573 comm="apparmor_parser"
[    4.475428] audit: type=1400 audit(1613335213.253:7): apparmor="STATUS" operation="profile_load" profile="unconfined" name="nvidia_modprobe" pid=574 comm="apparmor_parser"
[    4.475434] audit: type=1400 audit(1613335213.253:8): apparmor="STATUS" operation="profile_load" profile="unconfined" name="nvidia_modprobe//kmod" pid=574 comm="apparmor_parser"
[    4.475950] audit: type=1400 audit(1613335213.253:9): apparmor="STATUS" operation="profile_load" profile="unconfined" name="/usr/lib/cups/backend/cups-pdf" pid=568 comm="apparmor_parser"
[    4.475954] audit: type=1400 audit(1613335213.253:10): apparmor="STATUS" operation="profile_load" profile="unconfined" name="/usr/sbin/cupsd" pid=568 comm="apparmor_parser"
[    4.500002] snd_hda_codec_realtek hdaudioC1D0: autoconfig for ALC256: line_outs=1 (0x14/0x0/0x0/0x0/0x0) type:speaker
[    4.500006] snd_hda_codec_realtek hdaudioC1D0:    speaker_outs=0 (0x0/0x0/0x0/0x0/0x0)
[    4.500009] snd_hda_codec_realtek hdaudioC1D0:    hp_outs=1 (0x21/0x0/0x0/0x0/0x0)
[    4.500010] snd_hda_codec_realtek hdaudioC1D0:    mono: mono_out=0x0
[    4.500012] snd_hda_codec_realtek hdaudioC1D0:    inputs:
[    4.500014] snd_hda_codec_realtek hdaudioC1D0:      Headset Mic=0x19
[    4.500016] snd_hda_codec_realtek hdaudioC1D0:      Internal Mic=0x1b
[    4.500018] snd_hda_codec_realtek hdaudioC1D0:      Internal Mic=0x13
[    4.551153] input: HD-Audio Generic Headphone as /devices/pci0000:00/0000:00:08.1/0000:03:00.6/sound/card1/input12
[    4.879528] Bluetooth: BNEP (Ethernet Emulation) ver 1.3
[    4.879531] Bluetooth: BNEP filters: protocol multicast
[    4.879563] Bluetooth: BNEP socket layer initialized
[    4.915904] NET: Registered protocol family 38
[    6.312537] Bluetooth: RFCOMM TTY layer initialized
[    6.312553] Bluetooth: RFCOMM socket layer initialized
[    6.312561] Bluetooth: RFCOMM ver 1.11
[   10.578452] IPv6: ADDRCONF(NETDEV_CHANGE): wlp1s0: link becomes ready
